[ 2026-01-03 18:26:48,136 ] INFO - root - Logging system is working properly!
[ 2026-01-03 18:26:48,233 ] WARNING - werkzeug -  * Debugger is active!
[ 2026-01-03 18:26:48,238 ] INFO - werkzeug -  * Debugger PIN: 127-798-506
[ 2026-01-03 18:27:37,592 ] INFO - werkzeug - 127.0.0.1 - - [03/Jan/2026 18:27:37] "[31m[1mGET /recommend HTTP/1.1[0m" 405 -
[ 2026-01-03 18:27:48,931 ] INFO - werkzeug -  * Detected change in 'c:\\users\\prajw\\onedrive\\desktop\\musicrecomentationsystem\\src\\components\\model_trainer.py', reloading
[ 2026-01-03 18:27:48,932 ] INFO - werkzeug -  * Detected change in 'C:\\Users\\prajw\\OneDrive\\Desktop\\musicrecomentationsystem\\src\\components\\model_trainer.py', reloading
[ 2026-01-03 18:27:48,933 ] INFO - werkzeug -  * Detected change in 'c:\\users\\prajw\\onedrive\\desktop\\musicrecomentationsystem\\app.py', reloading
[ 2026-01-03 18:27:48,935 ] INFO - werkzeug -  * Detected change in 'c:\\users\\prajw\\onedrive\\desktop\\musicrecomentationsystem\\src\\components\\model_trainer.py', reloading
[ 2026-01-03 18:27:48,935 ] INFO - werkzeug -  * Detected change in 'C:\\Users\\prajw\\OneDrive\\Desktop\\musicrecomentationsystem\\app.py', reloading
[ 2026-01-03 18:27:48,936 ] INFO - werkzeug -  * Detected change in 'C:\\Users\\prajw\\OneDrive\\Desktop\\musicrecomentationsystem\\src\\components\\model_trainer.py', reloading
[ 2026-01-03 18:27:48,937 ] INFO - werkzeug -  * Detected change in 'c:\\users\\prajw\\onedrive\\desktop\\musicrecomentationsystem\\src\\components\\model_trainer.py', reloading
[ 2026-01-03 18:27:48,938 ] INFO - werkzeug -  * Detected change in 'c:\\users\\prajw\\onedrive\\desktop\\musicrecomentationsystem\\app.py', reloading
[ 2026-01-03 18:27:48,938 ] INFO - werkzeug -  * Detected change in 'C:\\Users\\prajw\\OneDrive\\Desktop\\musicrecomentationsystem\\src\\components\\model_trainer.py', reloading
[ 2026-01-03 18:27:48,938 ] INFO - werkzeug -  * Detected change in 'c:\\users\\prajw\\onedrive\\desktop\\musicrecomentationsystem\\src\\components\\data_ingestion.py', reloading
[ 2026-01-03 18:27:48,939 ] INFO - werkzeug -  * Detected change in 'C:\\Users\\prajw\\OneDrive\\Desktop\\musicrecomentationsystem\\app.py', reloading
[ 2026-01-03 18:27:48,939 ] INFO - werkzeug -  * Detected change in 'c:\\users\\prajw\\onedrive\\desktop\\musicrecomentationsystem\\pipeline\\predict_pipeline.py', reloading
[ 2026-01-03 18:27:48,939 ] INFO - werkzeug -  * Detected change in 'c:\\users\\prajw\\onedrive\\desktop\\musicrecomentationsystem\\src\\components\\data_ingestion.py', reloading
[ 2026-01-03 18:27:48,939 ] INFO - werkzeug -  * Detected change in 'C:\\Users\\prajw\\OneDrive\\Desktop\\musicrecomentationsystem\\src\\components\\data_ingestion.py', reloading
[ 2026-01-03 18:27:48,940 ] INFO - werkzeug -  * Detected change in 'c:\\users\\prajw\\onedrive\\desktop\\musicrecomentationsystem\\pipeline\\predict_pipeline.py', reloading
[ 2026-01-03 18:27:48,940 ] INFO - werkzeug -  * Detected change in 'C:\\Users\\prajw\\OneDrive\\Desktop\\musicrecomentationsystem\\pipeline\\predict_pipeline.py', reloading
[ 2026-01-03 18:27:48,941 ] INFO - werkzeug -  * Detected change in 'C:\\Users\\prajw\\OneDrive\\Desktop\\musicrecomentationsystem\\src\\components\\data_ingestion.py', reloading
[ 2026-01-03 18:27:48,941 ] INFO - werkzeug -  * Detected change in 'C:\\Users\\prajw\\OneDrive\\Desktop\\musicrecomentationsystem\\pipeline\\predict_pipeline.py', reloading
